error: host-platform selection outside the reld-core platforms boundary: direct native-platform reference `std::os::unix`; only crates/reld-core/src/platforms/mod.rs and the platform_<tree> concrete trees may select the host, everything else uses reld_core::platforms
  --> $DIR/disallowed_native_references.rs:1:1
   |
LL | / fn native_helper() {
LL | |     let _ = ();
LL | | }
   | |_^
   |
   = note: `#[deny(ban_platform_cfg_outside_boundary)]` on by default

error: host-platform selection outside the reld-core platforms boundary: direct native-platform reference `windows_sys`; only crates/reld-core/src/platforms/mod.rs and the platform_<tree> concrete trees may select the host, everything else uses reld_core::platforms
  --> $DIR/disallowed_native_references.rs:1:1
   |
LL | / fn native_helper() {
LL | |     let _ = ();
LL | | }
   | |_^

error: host-platform selection outside the reld-core platforms boundary: direct native-platform reference `libc::`; only crates/reld-core/src/platforms/mod.rs and the platform_<tree> concrete trees may select the host, everything else uses reld_core::platforms
  --> $DIR/disallowed_native_references.rs:1:1
   |
LL | / fn native_helper() {
LL | |     let _ = ();
LL | | }
   | |_^

error: aborting due to 3 previous errors

